// Jest Snapshot v1, https://goo.gl/fbAQLP

exports[`Typography Primary smoke-test 1`] = `
Object {
  "checked": undefined,
  "children": Array [
    Object {
      "checked": undefined,
      "children": undefined,
      "level": 1,
      "name": "H1. LOREM IPSUM DOLOR SIT AMET, CONSECTETUR ADIPISCING ELIT.",
      "pressed": undefined,
      "role": "heading",
      "value": undefined,
    },
    Object {
      "checked": undefined,
      "children": undefined,
      "level": 2,
      "name": "h2. Lorem ipsum dolor sit amet, consectetur adipiscing elit.",
      "pressed": undefined,
      "role": "heading",
      "value": undefined,
    },
    Object {
      "checked": undefined,
      "children": undefined,
      "level": 3,
      "name": "h3. Lorem ipsum dolor sit amet, consectetur adipiscing elit.",
      "pressed": undefined,
      "role": "heading",
      "value": undefined,
    },
    Object {
      "checked": undefined,
      "children": undefined,
      "level": 4,
      "name": "h4. Lorem ipsum dolor sit amet, consectetur adipiscing elit.",
      "pressed": undefined,
      "role": "heading",
      "value": undefined,
    },
    Object {
      "checked": undefined,
      "children": undefined,
      "level": 5,
      "name": "h5. Lorem ipsum dolor sit amet, consectetur adipiscing elit.",
      "pressed": undefined,
      "role": "heading",
      "value": undefined,
    },
    Object {
      "checked": undefined,
      "children": undefined,
      "level": 6,
      "name": "h6. Lorem ipsum dolor sit amet, consectetur adipiscing elit.",
      "pressed": undefined,
      "role": "heading",
      "value": undefined,
    },
    Object {
      "checked": undefined,
      "children": undefined,
      "name": "ingress. Lorem ipsum dolor sit amet, consectetur adipiscing elit. Cras dapibus vulputate diam eu pretium. Mauris elit orci, ultricies id fermentum vel, porta et eros. Vestibulum condimentum lectus in convallis feugiat. Sed vulputate fringilla felis.",
      "pressed": undefined,
      "role": "text",
      "value": undefined,
    },
    Object {
      "checked": undefined,
      "children": undefined,
      "name": "body1. Lorem ipsum dolor sit amet, consectetur adipiscing elit. Cras dapibus vulputate diam eu pretium. Mauris elit orci, ultricies id fermentum vel, porta et eros. Vestibulum condimentum lectus in convallis feugiat. Sed vulputate fringilla felis. Aliquam ut arcu et dui feugiat scelerisque eu quis diam. Mauris placerat congue dui sit amet blandit. Phasellus condimentum libero vel velit auctor, sit amet tincidunt velit varius.",
      "pressed": undefined,
      "role": "text",
      "value": undefined,
    },
    Object {
      "checked": undefined,
      "children": undefined,
      "name": "Mauris lacinia porta faucibus. Fusce eu est ac eros vulputate mollis in ac felis. Aenean commodo scelerisque mi sed imperdiet. Donec at hendrerit nisi, eget vestibulum nisi. Sed sit amet magna luctus, facilisis erat quis, sagittis ligula. Aenean dignissim velit quis leo consequat ultricies. Proin quis pretium justo. Vestibulum at eros nisl. Fusce lobortis erat ante, eu cursus sapien molestie at. Pellentesque placerat ante diam, et euismod lacus dictum vel. Phasellus vitae sollicitudin mi.",
      "pressed": undefined,
      "role": "text",
      "value": undefined,
    },
    Object {
      "checked": undefined,
      "children": undefined,
      "name": "In pulvinar eleifend convallis. Suspendisse elit erat, venenatis eget ullamcorper ut, laoreet iaculis nisl. Sed porta, felis id rhoncus aliquet, quam ipsum pellentesque metus, in sodales quam nunc vitae risus.",
      "pressed": undefined,
      "role": "text",
      "value": undefined,
    },
    Object {
      "checked": undefined,
      "children": undefined,
      "name": "Button text",
      "pressed": undefined,
      "role": "text",
      "value": undefined,
    },
    Object {
      "checked": undefined,
      "children": undefined,
      "name": "Navigation link",
      "pressed": undefined,
      "role": "text",
      "value": undefined,
    },
    Object {
      "checked": undefined,
      "children": undefined,
      "name": "Caption text",
      "pressed": undefined,
      "role": "text",
      "value": undefined,
    },
    Object {
      "checked": undefined,
      "children": undefined,
      "name": "LABEL TEXT",
      "pressed": undefined,
      "role": "text",
      "value": undefined,
    },
    Object {
      "checked": undefined,
      "children": undefined,
      "name": "Accordion title",
      "pressed": undefined,
      "role": "text",
      "value": undefined,
    },
    Object {
      "checked": undefined,
      "children": undefined,
      "name": "Table head",
      "pressed": undefined,
      "role": "text",
      "value": undefined,
    },
    Object {
      "checked": undefined,
      "children": undefined,
      "name": "Table body",
      "pressed": undefined,
      "role": "text",
      "value": undefined,
    },
  ],
  "name": "typography--primary",
  "pressed": undefined,
  "role": "WebArea",
  "value": undefined,
}
`;
