// Jest Snapshot v1, https://goo.gl/fbAQLP

exports[`stories/components/HierarchySelection HierarchySelection smoke-test 1`] = `
Object {
  "checked": undefined,
  "children": Array [
    Object {
      "checked": undefined,
      "children": undefined,
      "name": "units",
      "pressed": undefined,
      "role": "text",
      "value": undefined,
    },
    Object {
      "checked": undefined,
      "children": undefined,
      "name": "talous",
      "pressed": undefined,
      "role": "button",
      "value": undefined,
    },
    Object {
      "autocomplete": "list",
      "checked": undefined,
      "children": undefined,
      "haspopup": "listbox",
      "name": "units",
      "pressed": undefined,
      "role": "combobox",
      "value": undefined,
    },
    Object {
      "checked": undefined,
      "children": undefined,
      "description": "Open",
      "name": "Open",
      "pressed": undefined,
      "role": "button",
      "value": undefined,
    },
  ],
  "name": "stories-components-hierarchyselection--hierarchy-selection",
  "pressed": undefined,
  "role": "WebArea",
  "value": undefined,
}
`;
