// Jest Snapshot v1, https://goo.gl/fbAQLP

exports[`stories/components/Layout Layout smoke-test 1`] = `
Object {
  "checked": undefined,
  "children": Array [
    Object {
      "checked": undefined,
      "children": undefined,
      "name": "skip_to_content",
      "pressed": undefined,
      "role": "link",
      "value": undefined,
    },
    Object {
      "checked": undefined,
      "children": undefined,
      "name": "UNIVERSITY_OF_HELSINKI OPEN_IN_NEW_TAB",
      "pressed": undefined,
      "role": "link",
      "value": undefined,
    },
    Object {
      "checked": undefined,
      "children": undefined,
      "name": "admin",
      "pressed": undefined,
      "role": "text",
      "value": undefined,
    },
    Object {
      "checked": undefined,
      "children": undefined,
      "name": "logout",
      "pressed": undefined,
      "role": "link",
      "value": undefined,
    },
    Object {
      "checked": undefined,
      "children": undefined,
      "name": "language",
      "pressed": undefined,
      "role": "text",
      "value": undefined,
    },
    Object {
      "checked": undefined,
      "children": undefined,
      "name": "â€‹",
      "pressed": undefined,
      "role": "text",
      "value": undefined,
    },
    Object {
      "checked": undefined,
      "children": undefined,
      "haspopup": "listbox",
      "name": "language Suomeksi",
      "pressed": undefined,
      "role": "button",
      "value": undefined,
    },
    Object {
      "checked": undefined,
      "children": undefined,
      "level": 1,
      "name": "ORGANISATIONAL_REGISTRY",
      "pressed": undefined,
      "role": "heading",
      "value": undefined,
    },
    Object {
      "checked": undefined,
      "children": undefined,
      "name": "ORGANISATION",
      "pressed": undefined,
      "role": "link",
      "value": undefined,
    },
    Object {
      "checked": undefined,
      "children": undefined,
      "name": "TEXTS",
      "pressed": undefined,
      "role": "link",
      "value": undefined,
    },
    Object {
      "checked": undefined,
      "children": undefined,
      "name": "HIERARCHY_FILTERS",
      "pressed": undefined,
      "role": "link",
      "value": undefined,
    },
    Object {
      "checked": undefined,
      "children": undefined,
      "name": "Page content",
      "pressed": undefined,
      "role": "text",
      "value": undefined,
    },
    Object {
      "checked": undefined,
      "children": undefined,
      "name": "hy_logo",
      "pressed": undefined,
      "role": "img",
      "value": undefined,
    },
    Object {
      "checked": undefined,
      "children": undefined,
      "name": "university_of_helsinki",
      "pressed": undefined,
      "role": "text",
      "value": undefined,
    },
    Object {
      "checked": undefined,
      "children": undefined,
      "name": "hy_address_part1",
      "pressed": undefined,
      "role": "text",
      "value": undefined,
    },
    Object {
      "checked": undefined,
      "children": undefined,
      "name": "
",
      "pressed": undefined,
      "role": "LineBreak",
      "value": undefined,
    },
    Object {
      "checked": undefined,
      "children": undefined,
      "name": "hy_address_part2",
      "pressed": undefined,
      "role": "text",
      "value": undefined,
    },
    Object {
      "checked": undefined,
      "children": undefined,
      "name": "hy_switchboard",
      "pressed": undefined,
      "role": "text",
      "value": undefined,
    },
  ],
  "name": "stories-components-layout--layout",
  "pressed": undefined,
  "role": "WebArea",
  "value": undefined,
}
`;
