// Jest Snapshot v1, https://goo.gl/fbAQLP

exports[`stories/components/ReviewDate ReviewDate smoke-test 1`] = `
Object {
  "checked": undefined,
  "children": Array [
    Object {
      "checked": undefined,
      "children": undefined,
      "name": "Ajankohta",
      "pressed": undefined,
      "role": "text",
      "value": undefined,
    },
    Object {
      "checked": undefined,
      "children": undefined,
      "name": "Ajankohta",
      "pressed": undefined,
      "role": "textbox",
      "value": "22.3.2023",
    },
    Object {
      "checked": undefined,
      "children": undefined,
      "name": "Choose date, selected date is 22. maalis 2023",
      "pressed": undefined,
      "role": "button",
      "value": undefined,
    },
    Object {
      "checked": undefined,
      "children": undefined,
      "name": "T채m채 p채iv채",
      "pressed": undefined,
      "role": "button",
      "value": undefined,
    },
  ],
  "name": "stories-components-reviewdate--review-date",
  "pressed": undefined,
  "role": "WebArea",
  "value": undefined,
}
`;
