// Jest Snapshot v1, https://goo.gl/fbAQLP

exports[`stories/components/Spinner Spinner smoke-test 1`] = `
Object {
  "checked": undefined,
  "children": undefined,
  "name": "stories-components-spinner--spinner",
  "pressed": undefined,
  "role": "WebArea",
  "value": undefined,
}
`;
