// Jest Snapshot v1, https://goo.gl/fbAQLP

exports[`stories/components/TreeSearch TreeSearch smoke-test 1`] = `
Object {
  "checked": undefined,
  "children": Array [
    Object {
      "autocomplete": "list",
      "checked": undefined,
      "children": undefined,
      "haspopup": "listbox",
      "name": "Anna kolme merkki√§ aloittaaksesi haun",
      "pressed": undefined,
      "role": "combobox",
      "value": undefined,
    },
  ],
  "name": "stories-components-treesearch--tree-search",
  "pressed": undefined,
  "role": "WebArea",
  "value": undefined,
}
`;
